
> loomark@0.1.0 build
> next build

  ظû▓ Next.js 14.2.35
  - Environments: .env.local

   Creating an optimized production build ...
 ظ£ô Compiled successfully
   Linting and checking validity of types ...
node.exe : 
At line:1 char:1
+ & "C:\Program Files\nodejs/node.exe" "C:\Program Files\nodejs/node_mo ...
+ ~~~~~~~~~~~~~~~~~~~~~~~~~~~~~~~~~~~~~~~~~~~~~~~~~~~~~~~~~~~~~~~~~~~~~
    + CategoryInfo          : NotSpecified: (:String) [], RemoteException
    + FullyQualifiedErrorId : NativeCommandError
 
Failed to compile.

./app/(dashboard)/boq/page.tsx
117:10  Error: 'saveError' is assigned a value but never used.  
@typescript-eslint/no-unused-vars
212:19  Error: Unexpected any. Specify a different type.  
@typescript-eslint/no-explicit-any

./app/(dashboard)/crm/LeadDrawer.tsx
30:48  Error: Unexpected any. Specify a different type.  
@typescript-eslint/no-explicit-any
32:10  Error: 'loadingActivities' is assigned a value but never used.  
@typescript-eslint/no-unused-vars
41:6  Warning: React Hook useEffect has missing dependencies: 
'fetchActivities' and 'fetchBoqs'. Either include them or remove the 
dependency array.  react-hooks/exhaustive-deps

./app/(dashboard)/crm/page.tsx
41:24  Error: 'setSourceFilter' is assigned a value but never used.  
@typescript-eslint/no-unused-vars
198:45  Error: Unexpected any. Specify a different type.  
@typescript-eslint/no-explicit-any
205:16  Error: Unexpected any. Specify a different type.  
@typescript-eslint/no-explicit-any

./app/(dashboard)/dashboard/page.tsx
16:3  Error: 'Receipt' is defined but never used.  
@typescript-eslint/no-unused-vars
17:3  Error: 'BarChart3' is defined but never used.  
@typescript-eslint/no-unused-vars
18:3  Error: 'TrendingUp' is defined but never used.  
@typescript-eslint/no-unused-vars
34:50  Error: Unexpected any. Specify a different type.  
@typescript-eslint/no-explicit-any
35:50  Error: Unexpected any. Specify a different type.  
@typescript-eslint/no-explicit-any
36:60  Error: Unexpected any. Specify a different type.  
@typescript-eslint/no-explicit-any
106:17  Error: `'` can be escaped with `&apos;`, `&lsquo;`, `&#39;`, 
`&rsquo;`.  react/no-unescaped-entities
106:24  Error: `'` can be escaped with `&apos;`, `&lsquo;`, `&#39;`, 
`&rsquo;`.  react/no-unescaped-entities

./app/(dashboard)/email/page.tsx
6:3  Error: 'Card' is defined but never used.  
@typescript-eslint/no-unused-vars

./app/(dashboard)/inventory/page.tsx
77:9  Error: 'stockStatusTag' is assigned a value but never used.  
@typescript-eslint/no-unused-vars
100:132  Error: Unexpected any. Specify a different type.  
@typescript-eslint/no-explicit-any

./app/(dashboard)/settings/page.tsx
14:20  Error: 'notification' is assigned a value but never used.  
@typescript-eslint/no-unused-vars
157:17  Warning: Using `<img>` could result in slower LCP and higher 
bandwidth. Consider using `<Image />` from `next/image` to automatically 
optimize images. This may incur additional usage or cost from your 
provider. See: https://nextjs.org/docs/messages/no-img-element  
@next/next/no-img-element

info  - Need to disable some ESLint rules? Learn more here: 
https://nextjs.org/docs/basic-features/eslint#disabling-rules
